C:\Users\Utilizador\MILK_AI_STATE_CANONICO\milk_torch_train.py:324: UserWarning: Converting a tensor with requires_grad=True to a scalar may lead to unexpected behavior.
Consider using tensor.detach() first. (Triggered internally at C:\actions-runner\_work\pytorch\pytorch\torch\csrc\autograd\generated\python_variable_methods.cpp:821.)
  epoch_loss += float(loss); nb += 1; batches_done += 1; docs_done += xb.shape[0]
DEVICE: cpu | CUDA: False | torch: 2.14.0+cpu
BASE MODEL SHA: bcaaa17b2af0bc58...
loading TRAIN+VAL docs...
  train=8379 val=1102
  X_tr=(8379, 5000) X_va=(1102, 5000)
BASELINE VAL: f1_macro=0.7304 f1_micro=0.8099 det=11
  EPOCH  1/20: train_loss=0.0372 val_loss=0.0656 val_f1=0.7298 micro=0.8136 det=11 hamming=0.0208 ckpt=c7e0e0bfc33b 2.3s
  EPOCH  2/20: train_loss=0.0355 val_loss=0.0658 val_f1=0.7355 micro=0.8110 det=11 hamming=0.0214 ckpt=c8e4a78f88e8 2.4s
    -> NEW BEST (val_f1=0.7355)
  EPOCH  3/20: train_loss=0.0345 val_loss=0.0668 val_f1=0.7393 micro=0.8133 det=11 hamming=0.0213 ckpt=3e0b72f4b2f3 2.6s
    -> NEW BEST (val_f1=0.7393)
  EPOCH  4/20: train_loss=0.0339 val_loss=0.0669 val_f1=0.7449 micro=0.8204 det=11 hamming=0.0203 ckpt=13ebef677980 2.4s
    -> NEW BEST (val_f1=0.7449)
  EPOCH  5/20: train_loss=0.0328 val_loss=0.0677 val_f1=0.7474 micro=0.8197 det=11 hamming=0.0202 ckpt=9a3b342b6d82 2.4s
    -> NEW BEST (val_f1=0.7474)
  EPOCH  6/20: train_loss=0.0305 val_loss=0.0679 val_f1=0.7476 micro=0.8156 det=11 hamming=0.0211 ckpt=38b2cf9ab98d 2.2s
    -> NEW BEST (val_f1=0.7476)
  EPOCH  7/20: train_loss=0.0306 val_loss=0.0675 val_f1=0.7555 micro=0.8230 det=11 hamming=0.0203 ckpt=8b961144ed22 2.3s
    -> NEW BEST (val_f1=0.7555)
  EPOCH  8/20: train_loss=0.0287 val_loss=0.0679 val_f1=0.7510 micro=0.8177 det=11 hamming=0.0208 ckpt=8452c75c59e7 2.3s
  EPOCH  9/20: train_loss=0.0271 val_loss=0.0692 val_f1=0.7597 micro=0.8299 det=11 hamming=0.0191 ckpt=2209512f1b22 2.3s
    -> NEW BEST (val_f1=0.7597)
  EPOCH 10/20: train_loss=0.0261 val_loss=0.0707 val_f1=0.7511 micro=0.8311 det=11 hamming=0.0188 ckpt=20b861990f29 2.5s
  EPOCH 11/20: train_loss=0.0246 val_loss=0.0675 val_f1=0.7557 micro=0.8259 det=11 hamming=0.0196 ckpt=2499582bfe01 2.5s
  EPOCH 12/20: train_loss=0.0248 val_loss=0.0704 val_f1=0.7650 micro=0.8324 det=11 hamming=0.0188 ckpt=c507f7f66f8c 2.3s
    -> NEW BEST (val_f1=0.7650)
  EPOCH 13/20: train_loss=0.0244 val_loss=0.0708 val_f1=0.7530 micro=0.8361 det=11 hamming=0.0181 ckpt=a6664f9c77eb 2.3s
  EPOCH 14/20: train_loss=0.0234 val_loss=0.0719 val_f1=0.7683 micro=0.8430 det=11 hamming=0.0176 ckpt=332fcd6ffe56 2.3s
    -> NEW BEST (val_f1=0.7683)
  EPOCH 15/20: train_loss=0.0225 val_loss=0.0728 val_f1=0.7688 micro=0.8370 det=11 hamming=0.0181 ckpt=154ec9977d6e 2.3s
    -> NEW BEST (val_f1=0.7688)
  EPOCH 16/20: train_loss=0.0209 val_loss=0.0741 val_f1=0.7694 micro=0.8360 det=11 hamming=0.0179 ckpt=2985e4b226f7 2.3s
    -> NEW BEST (val_f1=0.7694)
  EPOCH 17/20: train_loss=0.0208 val_loss=0.0736 val_f1=0.7808 micro=0.8426 det=11 hamming=0.0173 ckpt=19bad2c3617f 2.3s
    -> NEW BEST (val_f1=0.7808)
  EPOCH 18/20: train_loss=0.0193 val_loss=0.0775 val_f1=0.7752 micro=0.8390 det=11 hamming=0.018 ckpt=4ec543261ed1 2.3s
  EPOCH 19/20: train_loss=0.0181 val_loss=0.0740 val_f1=0.7786 micro=0.8434 det=11 hamming=0.0172 ckpt=18772ebcd2cf 2.3s
  EPOCH 20/20: train_loss=0.0194 val_loss=0.0741 val_f1=0.7864 micro=0.8552 det=11 hamming=0.0159 ckpt=65c44a90cdea 2.3s
    -> NEW BEST (val_f1=0.7864)

=== TRAINING COMPLETE ===
  BASELINE val_f1_macro: 0.7304
  BEST val_f1_macro: 0.7864 (epoch 20)
  TEST: f1_macro=0.716 f1_micro=0.8218 det=11 hamming=0.0202
  GATE: macro=True micro=True func=True classes=True => PROMOTE
  PROMOTED: bcaaa17b2af0 -> 65c44a90cdea

  ELAPSED: 79.0s
  LIVE STATUS: C:\Users\Utilizador\MILK_AI_STATE_CANONICO\state\training_live.json
